spv.aggOps.frag
Warning, version 450 is not yet complete; most version-specific features are present, but some are missing.


Linked fragment stage:


// Module Version 10000
// Generated by (magic number): 80001
// Id's are bound by 355

                              Capability Shader
               1:             ExtInstImport  "GLSL.std.450"
                              MemoryModel Logical GLSL450
                              EntryPoint Fragment 4  "main" 16 41 101 353
                              ExecutionMode 4 OriginLowerLeft
                              Source GLSL 450
                              Name 4  "main"
                              Name 8  "s1"
                              MemberName 8(s1) 0  "i"
                              MemberName 8(s1) 1  "f"
                              Name 13  "a"
                              Name 16  "u"
                              Name 37  "b"
                              Name 41  "w"
                              Name 55  "s1"
                              MemberName 55(s1) 0  "i"
                              MemberName 55(s1) 1  "f"
                              Name 56  "s2"
                              MemberName 56(s2) 0  "i"
                              MemberName 56(s2) 1  "f"
                              MemberName 56(s2) 2  "s1_1"
                              Name 57  "ub1"
                              MemberName 57(ub1) 0  "foo2a"
                              Name 59  "uName1"
                              Name 64  "s1"
                              MemberName 64(s1) 0  "i"
                              MemberName 64(s1) 1  "f"
                              Name 65  "s2"
                              MemberName 65(s2) 0  "i"
                              MemberName 65(s2) 1  "f"
                              MemberName 65(s2) 2  "s1_1"
                              Name 66  "ub2"
                              MemberName 66(ub2) 0  "foo2b"
                              Name 68  "uName2"
                              Name 93  "v"
                              Name 97  "samp2D"
                              Name 101  "coord"
                              Name 353  "color"
                              MemberDecorate 55(s1) 0 Offset 0
                              MemberDecorate 55(s1) 1 Offset 4
                              MemberDecorate 56(s2) 0 Offset 0
                              MemberDecorate 56(s2) 1 Offset 4
                              MemberDecorate 56(s2) 2 Offset 16
                              MemberDecorate 57(ub1) 0 Offset 0
                              Decorate 57(ub1) Block
                              Decorate 59(uName1) DescriptorSet 0
                              MemberDecorate 64(s1) 0 Offset 0
                              MemberDecorate 64(s1) 1 Offset 4
                              MemberDecorate 65(s2) 0 Offset 0
                              MemberDecorate 65(s2) 1 Offset 4
                              MemberDecorate 65(s2) 2 Offset 8
                              MemberDecorate 66(ub2) 0 Offset 0
                              Decorate 66(ub2) BufferBlock
                              Decorate 68(uName2) DescriptorSet 0
                              Decorate 97(samp2D) DescriptorSet 0
               2:             TypeVoid
               3:             TypeFunction 2
               6:             TypeInt 32 1
               7:             TypeFloat 32
           8(s1):             TypeStruct 6(int) 7(float)
               9:             TypeInt 32 0
              10:      9(int) Constant 3
              11:             TypeArray 8(s1) 10
              12:             TypePointer Function 11
              14:             TypeVector 7(float) 4
              15:             TypePointer Input 14(fvec4)
           16(u):     15(ptr) Variable Input
              17:      9(int) Constant 0
              18:             TypePointer Input 7(float)
              22:      9(int) Constant 1
              26:      9(int) Constant 2
              33:      6(int) Constant 14
              34:    7(float) Constant 1096810496
              35:       8(s1) ConstantComposite 33 34
              38:      6(int) Constant 17
              39:    7(float) Constant 1099431936
              40:       8(s1) ConstantComposite 38 39
           41(w):     15(ptr) Variable Input
          55(s1):             TypeStruct 6(int) 7(float)
          56(s2):             TypeStruct 6(int) 7(float) 55(s1)
         57(ub1):             TypeStruct 56(s2)
              58:             TypePointer Uniform 57(ub1)
      59(uName1):     58(ptr) Variable Uniform
              60:      6(int) Constant 0
              61:             TypePointer Uniform 56(s2)
          64(s1):             TypeStruct 6(int) 7(float)
          65(s2):             TypeStruct 6(int) 7(float) 64(s1)
         66(ub2):             TypeStruct 65(s2)
              67:             TypePointer Uniform 66(ub2)
      68(uName2):     67(ptr) Variable Uniform
              69:             TypePointer Uniform 65(s2)
              72:             TypeBool
              92:             TypePointer Function 14(fvec4)
              94:             TypeImage 7(float) 2D sampled format:Unknown
              95:             TypeSampledImage 94
              96:             TypePointer UniformConstant 95
      97(samp2D):     96(ptr) Variable UniformConstant
              99:             TypeVector 7(float) 2
             100:             TypePointer Input 99(fvec2)
      101(coord):    100(ptr) Variable Input
             106:    7(float) Constant 1073741824
             112:             TypeVector 72(bool) 4
             117:    7(float) Constant 1077936128
             126:    7(float) Constant 1082130432
             132:             TypeVector 72(bool) 2
             137:    7(float) Constant 1084227584
             243:    7(float) Constant 1086324736
             349:    7(float) Constant 1088421888
             352:             TypePointer Output 14(fvec4)
      353(color):    352(ptr) Variable Output
         4(main):           2 Function None 3
               5:             Label
           13(a):     12(ptr) Variable Function
           37(b):     12(ptr) Variable Function
           93(v):     92(ptr) Variable Function
              19:     18(ptr) AccessChain 16(u) 17
              20:    7(float) Load 19
              21:      6(int) ConvertFToS 20
              23:     18(ptr) AccessChain 16(u) 22
              24:    7(float) Load 23
              25:       8(s1) CompositeConstruct 21 24
              27:     18(ptr) AccessChain 16(u) 26
              28:    7(float) Load 27
              29:      6(int) ConvertFToS 28
              30:     18(ptr) AccessChain 16(u) 10
              31:    7(float) Load 30
              32:       8(s1) CompositeConstruct 29 31
              36:          11 CompositeConstruct 25 32 35
                              Store 13(a) 36
              42:     18(ptr) AccessChain 41(w) 17
              43:    7(float) Load 42
              44:      6(int) ConvertFToS 43
              45:     18(ptr) AccessChain 41(w) 22
              46:    7(float) Load 45
              47:       8(s1) CompositeConstruct 44 46
              48:     18(ptr) AccessChain 41(w) 26
              49:    7(float) Load 48
              50:      6(int) ConvertFToS 49
              51:     18(ptr) AccessChain 41(w) 10
              52:    7(float) Load 51
              53:       8(s1) CompositeConstruct 50 52
              54:          11 CompositeConstruct 40 47 53
                              Store 37(b) 54
              62:     61(ptr) AccessChain 59(uName1) 60
              63:      56(s2) Load 62
              70:     69(ptr) AccessChain 68(uName2) 60
              71:      65(s2) Load 70
              73:      6(int) CompositeExtract 63 0
              74:      6(int) CompositeExtract 71 0
              75:    72(bool) IEqual 73 74
              76:    7(float) CompositeExtract 63 1
              77:    7(float) CompositeExtract 71 1
              78:    72(bool) FOrdEqual 76 77
              79:    72(bool) LogicalAnd 75 78
              80:      55(s1) CompositeExtract 63 2
              81:      64(s1) CompositeExtract 71 2
              82:      6(int) CompositeExtract 80 0
              83:      6(int) CompositeExtract 81 0
              84:    72(bool) IEqual 82 83
              85:    7(float) CompositeExtract 80 1
              86:    7(float) CompositeExtract 81 1
              87:    72(bool) FOrdEqual 85 86
              88:    72(bool) LogicalAnd 84 87
              89:    72(bool) LogicalAnd 79 88
                              SelectionMerge 91 None
                              BranchConditional 89 90 104
              90:               Label
              98:          95   Load 97(samp2D)
             102:   99(fvec2)   Load 101(coord)
             103:   14(fvec4)   ImageSampleImplicitLod 98 102
                                Store 93(v) 103
                                Branch 91
             104:               Label
             105:          95   Load 97(samp2D)
             107:   99(fvec2)   Load 101(coord)
             108:   99(fvec2)   VectorTimesScalar 107 106
             109:   14(fvec4)   ImageSampleImplicitLod 105 108
                                Store 93(v) 109
                                Branch 91
              91:             Label
             110:   14(fvec4) Load 16(u)
             111:   14(fvec4) Load 93(v)
             113:  112(bvec4) FOrdEqual 110 111
             114:    72(bool) All 113
                              SelectionMerge 116 None
                              BranchConditional 114 115 116
             115:               Label
             118:   14(fvec4)   Load 93(v)
             119:   14(fvec4)   VectorTimesScalar 118 117
                                Store 93(v) 119
                                Branch 116
             116:             Label
             120:   14(fvec4) Load 16(u)
             121:   14(fvec4) Load 93(v)
             122:  112(bvec4) FOrdNotEqual 120 121
             123:    72(bool) Any 122
                              SelectionMerge 125 None
                              BranchConditional 123 124 125
             124:               Label
             127:   14(fvec4)   Load 93(v)
             128:   14(fvec4)   VectorTimesScalar 127 126
                                Store 93(v) 128
                                Branch 125
             125:             Label
             129:   99(fvec2) Load 101(coord)
             130:   14(fvec4) Load 93(v)
             131:   99(fvec2) VectorShuffle 130 130 1 3
             133:  132(bvec2) FOrdEqual 129 131
             134:    72(bool) All 133
                              SelectionMerge 136 None
                              BranchConditional 134 135 136
             135:               Label
             138:   14(fvec4)   Load 93(v)
             139:   14(fvec4)   VectorTimesScalar 138 137
                                Store 93(v) 139
                                Branch 136
             136:             Label
             140:          11 Load 13(a)
             141:          11 Load 37(b)
             142:       8(s1) CompositeExtract 140 0
             143:       8(s1) CompositeExtract 141 0
             144:      6(int) CompositeExtract 142 0
             145:      6(int) CompositeExtract 143 0
             146:    72(bool) IEqual 144 145
             147:    7(float) CompositeExtract 142 1
             148:    7(float) CompositeExtract 143 1
             149:    72(bool) FOrdEqual 147 148
             150:    72(bool) LogicalAnd 146 149
             151:       8(s1) CompositeExtract 140 1
             152:       8(s1) CompositeExtract 141 1
             153:      6(int) CompositeExtract 151 0
             154:      6(int) CompositeExtract 152 0
             155:    72(bool) IEqual 153 154
             156:    7(float) CompositeExtract 151 1
             157:    7(float) CompositeExtract 152 1
             158:    72(bool) FOrdEqual 156 157
             159:    72(bool) LogicalAnd 155 158
             160:    72(bool) LogicalAnd 150 159
             161:       8(s1) CompositeExtract 140 2
             162:       8(s1) CompositeExtract 141 2
             163:      6(int) CompositeExtract 161 0
             164:      6(int) CompositeExtract 162 0
             165:    72(bool) IEqual 163 164
             166:    7(float) CompositeExtract 161 1
             167:    7(float) CompositeExtract 162 1
             168:    72(bool) FOrdEqual 166 167
             169:    72(bool) LogicalAnd 165 168
             170:    72(bool) LogicalAnd 160 169
             171:       8(s1) CompositeExtract 140 3
             172:       8(s1) CompositeExtract 141 3
             173:      6(int) CompositeExtract 171 0
             174:      6(int) CompositeExtract 172 0
             175:    72(bool) IEqual 173 174
             176:    7(float) CompositeExtract 171 1
             177:    7(float) CompositeExtract 172 1
             178:    72(bool) FOrdEqual 176 177
             179:    72(bool) LogicalAnd 175 178
             180:    72(bool) LogicalAnd 170 179
             181:       8(s1) CompositeExtract 140 4
             182:       8(s1) CompositeExtract 141 4
             183:      6(int) CompositeExtract 181 0
             184:      6(int) CompositeExtract 182 0
             185:    72(bool) IEqual 183 184
             186:    7(float) CompositeExtract 181 1
             187:    7(float) CompositeExtract 182 1
             188:    72(bool) FOrdEqual 186 187
             189:    72(bool) LogicalAnd 185 188
             190:    72(bool) LogicalAnd 180 189
             191:       8(s1) CompositeExtract 140 5
             192:       8(s1) CompositeExtract 141 5
             193:      6(int) CompositeExtract 191 0
             194:      6(int) CompositeExtract 192 0
             195:    72(bool) IEqual 193 194
             196:    7(float) CompositeExtract 191 1
             197:    7(float) CompositeExtract 192 1
             198:    72(bool) FOrdEqual 196 197
             199:    72(bool) LogicalAnd 195 198
             200:    72(bool) LogicalAnd 190 199
             201:       8(s1) CompositeExtract 140 6
             202:       8(s1) CompositeExtract 141 6
             203:      6(int) CompositeExtract 201 0
             204:      6(int) CompositeExtract 202 0
             205:    72(bool) IEqual 203 204
             206:    7(float) CompositeExtract 201 1
             207:    7(float) CompositeExtract 202 1
             208:    72(bool) FOrdEqual 206 207
             209:    72(bool) LogicalAnd 205 208
             210:    72(bool) LogicalAnd 200 209
             211:       8(s1) CompositeExtract 140 7
             212:       8(s1) CompositeExtract 141 7
             213:      6(int) CompositeExtract 211 0
             214:      6(int) CompositeExtract 212 0
             215:    72(bool) IEqual 213 214
             216:    7(float) CompositeExtract 211 1
             217:    7(float) CompositeExtract 212 1
             218:    72(bool) FOrdEqual 216 217
             219:    72(bool) LogicalAnd 215 218
             220:    72(bool) LogicalAnd 210 219
             221:       8(s1) CompositeExtract 140 8
             222:       8(s1) CompositeExtract 141 8
             223:      6(int) CompositeExtract 221 0
             224:      6(int) CompositeExtract 222 0
             225:    72(bool) IEqual 223 224
             226:    7(float) CompositeExtract 221 1
             227:    7(float) CompositeExtract 222 1
             228:    72(bool) FOrdEqual 226 227
             229:    72(bool) LogicalAnd 225 228
             230:    72(bool) LogicalAnd 220 229
             231:       8(s1) CompositeExtract 140 9
             232:       8(s1) CompositeExtract 141 9
             233:      6(int) CompositeExtract 231 0
             234:      6(int) CompositeExtract 232 0
             235:    72(bool) IEqual 233 234
             236:    7(float) CompositeExtract 231 1
             237:    7(float) CompositeExtract 232 1
             238:    72(bool) FOrdEqual 236 237
             239:    72(bool) LogicalAnd 235 238
             240:    72(bool) LogicalAnd 230 239
                              SelectionMerge 242 None
                              BranchConditional 240 241 242
             241:               Label
             244:   14(fvec4)   Load 93(v)
             245:   14(fvec4)   VectorTimesScalar 244 243
                                Store 93(v) 245
                                Branch 242
             242:             Label
             246:          11 Load 13(a)
             247:          11 Load 37(b)
             248:       8(s1) CompositeExtract 246 0
             249:       8(s1) CompositeExtract 247 0
             250:      6(int) CompositeExtract 248 0
             251:      6(int) CompositeExtract 249 0
             252:    72(bool) INotEqual 250 251
             253:    7(float) CompositeExtract 248 1
             254:    7(float) CompositeExtract 249 1
             255:    72(bool) FOrdNotEqual 253 254
             256:    72(bool) LogicalOr 252 255
             257:       8(s1) CompositeExtract 246 1
             258:       8(s1) CompositeExtract 247 1
             259:      6(int) CompositeExtract 257 0
             260:      6(int) CompositeExtract 258 0
             261:    72(bool) INotEqual 259 260
             262:    7(float) CompositeExtract 257 1
             263:    7(float) CompositeExtract 258 1
             264:    72(bool) FOrdNotEqual 262 263
             265:    72(bool) LogicalOr 261 264
             266:    72(bool) LogicalOr 256 265
             267:       8(s1) CompositeExtract 246 2
             268:       8(s1) CompositeExtract 247 2
             269:      6(int) CompositeExtract 267 0
             270:      6(int) CompositeExtract 268 0
             271:    72(bool) INotEqual 269 270
             272:    7(float) CompositeExtract 267 1
             273:    7(float) CompositeExtract 268 1
             274:    72(bool) FOrdNotEqual 272 273
             275:    72(bool) LogicalOr 271 274
             276:    72(bool) LogicalOr 266 275
             277:       8(s1) CompositeExtract 246 3
             278:       8(s1) CompositeExtract 247 3
             279:      6(int) CompositeExtract 277 0
             280:      6(int) CompositeExtract 278 0
             281:    72(bool) INotEqual 279 280
             282:    7(float) CompositeExtract 277 1
             283:    7(float) CompositeExtract 278 1
             284:    72(bool) FOrdNotEqual 282 283
             285:    72(bool) LogicalOr 281 284
             286:    72(bool) LogicalOr 276 285
             287:       8(s1) CompositeExtract 246 4
             288:       8(s1) CompositeExtract 247 4
             289:      6(int) CompositeExtract 287 0
             290:      6(int) CompositeExtract 288 0
             291:    72(bool) INotEqual 289 290
             292:    7(float) CompositeExtract 287 1
             293:    7(float) CompositeExtract 288 1
             294:    72(bool) FOrdNotEqual 292 293
             295:    72(bool) LogicalOr 291 294
             296:    72(bool) LogicalOr 286 295
             297:       8(s1) CompositeExtract 246 5
             298:       8(s1) CompositeExtract 247 5
             299:      6(int) CompositeExtract 297 0
             300:      6(int) CompositeExtract 298 0
             301:    72(bool) INotEqual 299 300
             302:    7(float) CompositeExtract 297 1
             303:    7(float) CompositeExtract 298 1
             304:    72(bool) FOrdNotEqual 302 303
             305:    72(bool) LogicalOr 301 304
             306:    72(bool) LogicalOr 296 305
             307:       8(s1) CompositeExtract 246 6
             308:       8(s1) CompositeExtract 247 6
             309:      6(int) CompositeExtract 307 0
             310:      6(int) CompositeExtract 308 0
             311:    72(bool) INotEqual 309 310
             312:    7(float) CompositeExtract 307 1
             313:    7(float) CompositeExtract 308 1
             314:    72(bool) FOrdNotEqual 312 313
             315:    72(bool) LogicalOr 311 314
             316:    72(bool) LogicalOr 306 315
             317:       8(s1) CompositeExtract 246 7
             318:       8(s1) CompositeExtract 247 7
             319:      6(int) CompositeExtract 317 0
             320:      6(int) CompositeExtract 318 0
             321:    72(bool) INotEqual 319 320
             322:    7(float) CompositeExtract 317 1
             323:    7(float) CompositeExtract 318 1
             324:    72(bool) FOrdNotEqual 322 323
             325:    72(bool) LogicalOr 321 324
             326:    72(bool) LogicalOr 316 325
             327:       8(s1) CompositeExtract 246 8
             328:       8(s1) CompositeExtract 247 8
             329:      6(int) CompositeExtract 327 0
             330:      6(int) CompositeExtract 328 0
             331:    72(bool) INotEqual 329 330
             332:    7(float) CompositeExtract 327 1
             333:    7(float) CompositeExtract 328 1
             334:    72(bool) FOrdNotEqual 332 333
             335:    72(bool) LogicalOr 331 334
             336:    72(bool) LogicalOr 326 335
             337:       8(s1) CompositeExtract 246 9
             338:       8(s1) CompositeExtract 247 9
             339:      6(int) CompositeExtract 337 0
             340:      6(int) CompositeExtract 338 0
             341:    72(bool) INotEqual 339 340
             342:    7(float) CompositeExtract 337 1
             343:    7(float) CompositeExtract 338 1
             344:    72(bool) FOrdNotEqual 342 343
             345:    72(bool) LogicalOr 341 344
             346:    72(bool) LogicalOr 336 345
                              SelectionMerge 348 None
                              BranchConditional 346 347 348
             347:               Label
             350:   14(fvec4)   Load 93(v)
             351:   14(fvec4)   VectorTimesScalar 350 349
                                Store 93(v) 351
                                Branch 348
             348:             Label
             354:   14(fvec4) Load 93(v)
                              Store 353(color) 354
                              Return
                              FunctionEnd
